| UnboundedVaultReadPromiseAll.ts:13:9:13:68 | Promise ... file))) | Full-vault reads should use an approved chunker or bounded pool instead of Promise.all over every file. |
| UnboundedVaultReadPromiseAll.ts:17:9:17:71 | Promise ... file))) | Full-vault reads should use an approved chunker or bounded pool instead of Promise.all over every file. |
| UnboundedVaultReadPromiseAll.ts:21:9:21:77 | Promise ... file))) | Full-vault reads should use an approved chunker or bounded pool instead of Promise.all over every file. |
| UnboundedVaultReadPromiseAll.ts:25:9:25:91 | Promise ... file))) | Full-vault reads should use an approved chunker or bounded pool instead of Promise.all over every file. |
